[spabelles.com/index.html]
[backblue.gif]
[fade.gif]
[index.html]
[assets.squarespace.com/@sqs/polyfiller/1.2.2/legacy.js]
[use.typekit.net/ik/6ygl1PqeuZqgIB6U4Wpzx0PEUKTsEpdL-SvvmDIPHTXfe7CBfFHN4UJLFRbh52jhWD9awDwa5Ab3Z2JUweJtZAID5eZRwAI3Zg7eMPG0ieB8OAlTdPutwcjkO1FUiABkZWF3jAF8OcFz]
[assets.squarespace.com/universal/scripts-compressed/extract-css-runtime-a534ac96c96d4629bda28-min.en-US.js]
[assets.squarespace.com/@sqs/polyfiller/1.2.2/modern.js]
[assets.squarespace.com/universal/scripts-compressed/cldr-resource-pack-83b0e6eb9a2c7557ad4c0-min.en-US.js]
[assets.squarespace.com/universal/scripts-compressed/common-vendors-stable-9b2a74c45b27271fd111d-min.en-US.js]
[assets.squarespace.com/universal/scripts-compressed/extract-css-moment-js-vendor-98bddc81dc37f44faa7b2-min.en-US.js]
[assets.squarespace.com/universal/styles-compressed/commerce-42e904b2189a7c1684dd6-min.en-US.css]
[assets.squarespace.com/universal/scripts-compressed/performance-8b6f08d427d358ad6b72c-min.en-US.js]
[spabelles.com/welcomea409]
[static1.squarespace.com/static/sitecss/573379d0d210b8ea38fc1a0d/74/55f0aac0e4b0f0a5b7e0b22e/573379d1d210b8ea38fc1a14/349/site.css]
[assets.squarespace.com/universal/scripts-compressed/common-vendors-4b723af433bd0f0574b77-min.en-US.js]
[spabelles.com/cart.html]
[spabelles.com/search.html]
[spabelles.com/covid19.html]
[spabelles.com/about-us.html]
[spabelles.com/your-events.html]
[spabelles.com/locations.html]
[assets.squarespace.com/universal/scripts-compressed/commerce-83ab8a416cf7d30278f24-min.en-US.js]
[assets.squarespace.com/universal/scripts-compressed/common-b08741f60affeaa84e044-min.en-US.js]
[spabelles.com/spa-packages.html]
[spabelles.com/nail-art.html]
[spabelles.com/nail-care.html]
[spabelles.com/facial-1.html]
[spabelles.com/waxing.html]
[spabelles.com/body-massage.html]
[spabelles.com/body-treatments.html]
[spabelles.com/microdermabrasion.html]
[spabelles.com/eyelash.html]
[spabelles.com/photofacial-treatment.html]
[spabelles.com/ear-candling.html]
[spabelles.com/contact.html]
[images.squarespace-cdn.com/content/v1/573379d0d210b8ea38fc1a0d/1463187608363-ZCX2B5DXH8RKHDSB67VL/instagram1.jpg]
[images.squarespace-cdn.com/content/v1/573379d0d210b8ea38fc1a0d/1463187611268-8RJG181JIEKP940A8M55/instagram2.jpg]
[spabelles.com/shipping-returns.html]
[spabelles.com/privacy-policy.html]
[spabelles.com/return-exchange.html]
[spabelles.com/index.html]
[spabelles.com/terms-of-service.html]
[assets.squarespace.com/universal/images-v6/standard/icon_close_7_light.png]
[assets.squarespace.com/universal/styles-compressed/commerce-42e904b2189a7c1684dd6-min.en-US.css]
[assets.squarespace.com/universal/images-v6/damask/error-dark.png]
[assets.squarespace.com/universal/images-v6/damask/error-dark@2x.png]
[static1.squarespace.com/static/ta/55f0a9b0e4b0f3eb70352f6d/349/scripts/site-bundle.js]
[assets.squarespace.com/universal/images-v6/damask/play-button.png]
[assets.squarespace.com/universal/images-v6/damask/play-button@2x.png]
[assets.squarespace.com/universal/images-v6/damask/edit-aviary-light.png]
[assets.squarespace.com/universal/images-v6/damask/edit-aviary-light@2x.png]
[assets.squarespace.com/universal/images-v6/damask/edit-info-light.png]
[assets.squarespace.com/universal/images-v6/damask/edit-info-light@2x.png]
[assets.squarespace.com/universal/images-v6/damask/trash-9-light.png]
[assets.squarespace.com/universal/images-v6/damask/trash-9-light@2x.png]
[assets.squarespace.com/universal/images-v6/damask/trash-9-red.png]
[assets.squarespace.com/universal/images-v6/damask/trash-9-red@2x.png]
[assets.squarespace.com/universal/images-v6/damask/getty-16-light.png]
[assets.squarespace.com/universal/images-v6/damask/getty-32-light.png]
[assets.squarespace.com/universal/images-v6/damask/shopping-cart-16-light.png]
[assets.squarespace.com/universal/images-v6/damask/shopping-cart-32-light.png]
[static1.squarespace.com/universal/images-v6/icons/block-indicator-dark.png]
[static1.squarespace.com/universal/images-v6/icons/block-indicator-dark@2x.png]
[static1.squarespace.com/universal/images-v6/icons/opentable-icons.png]
[static1.squarespace.com/universal/images-v6/icons/icon-searchqueries-20-dark.png]
[static1.squarespace.com/universal/images-v6/icons/icon-searchqueries-20-light.png]
[assets.squarespace.com/universal/images-v6/icons/icon-video-24-light-solid.png]
[static1.squarespace.com/universal/images-v6/damask/image-inside-64-dark.png]
[static1.squarespace.com/universal/images-v6/damask/image-inside-128-dark.png]
[assets.squarespace.com/universal/images-v6/icons/icon-settings-16-light.png]
[static1.squarespace.com/static/sitecss/573379d0d210b8ea38fc1a0d/74/55f0aac0e4b0f0a5b7e0b22e/573379d1d210b8ea38fc1a14/349/site.css]
[spabelles.com/assets/ui-icons.svg]
[assets.squarespace.com/universal/scripts-compressed/extract-css-runtime-708abc31c2823710f03dd-min.en-US.js]
[assets.squarespace.com/universal/scripts-compressed/common-vendors-584b38eb7e5ba560fe3c5-min.en-US.js]
[spabelles.com/cart.html]
[assets.squarespace.com/universal/scripts-compressed/commerce-1ecff73230bdb91456e4c-min.en-US.js]
[assets.squarespace.com/universal/scripts-compressed/extract-css-runtime-610da944950a792433d57-min.en-US.js]
[assets.squarespace.com/universal/scripts-compressed/common-aa83aa646eba2dfb60b35-min.en-US.js]
[spabelles.com/search.html]
[assets.squarespace.com/universal/scripts-compressed/extract-css-runtime-e7aa9afa87c290e3740b5-min.en-US.js]
[assets.squarespace.com/universal/scripts-compressed/commerce-ed4b61a8ce6fedf5bef4a-min.en-US.js]
[assets.squarespace.com/universal/scripts-compressed/common-0cf72e28e74c0a9b480d7-min.en-US.js]
[assets.squarespace.com/universal/scripts-compressed/common-vendors-bcca9279adcfd081b6c58-min.en-US.js]
[images.squarespace-cdn.com/content/v1/573379d0d210b8ea38fc1a0d/1599112991093-YLXQY6KLUYN90458BO89/IMG_5482.jpg]
[assets.squarespace.com/universal/scripts-compressed/commerce-81f52d81a586cce6467d9-min.en-US.js]
[assets.squarespace.com/universal/scripts-compressed/common-932dc6e23fa955c9bcd6a-min.en-US.js]
[images.squarespace-cdn.com/content/v1/573379d0d210b8ea38fc1a0d/1599113308515-FEJWOM38X7VP2EH0QY1N/IMG_5492.jpg]
[images.squarespace-cdn.com/content/v1/573379d0d210b8ea38fc1a0d/1599113306729-MVY8AM63QU3V13T4VLCI/IMG_5493.jpg]
[assets.squarespace.com/universal/scripts-compressed/commerce-checkout-fe29dbce391a6bca551ff-min.en-US.js]
[images.squarespace-cdn.com/content/v1/573379d0d210b8ea38fc1a0d/1599113309099-NEGK1VEUEDBP1QNV9WMY/IMG_5494.jpg]
[images.squarespace-cdn.com/content/v1/573379d0d210b8ea38fc1a0d/1599113311194-RV8ILWQ4RIDPTBH1CN98/IMG_5495.jpg]
[images.squarespace-cdn.com/content/v1/573379d0d210b8ea38fc1a0d/1599113311351-SI2OH3YYV72AQ7MA13CJ/IMG_5496.jpg]
[images.squarespace-cdn.com/content/v1/573379d0d210b8ea38fc1a0d/1599113316084-16HP3KWLTR125NGDRASE/IMG_5497.jpg]
[images.squarespace-cdn.com/content/v1/573379d0d210b8ea38fc1a0d/1599113313778-L89SUUUVPRR7N89MH57A/IMG_5482.jpg]
[images.squarespace-cdn.com/content/v1/573379d0d210b8ea38fc1a0d/1599113316080-QF3GGRU0TUL92SRYZYCW/IMG_5483.jpg]
[images.squarespace-cdn.com/content/v1/573379d0d210b8ea38fc1a0d/1599113318743-5PG6S1NV7FX5JM8XJO99/IMG_5485.jpg]
[images.squarespace-cdn.com/content/v1/573379d0d210b8ea38fc1a0d/1599113319077-0UTF67AC8FMN81DFKQ4T/IMG_5486.jpg]
[images.squarespace-cdn.com/content/v1/573379d0d210b8ea38fc1a0d/1599113322984-O91T0WO0RW2ZDQOHLTUN/IMG_5487.jpg]
[images.squarespace-cdn.com/content/v1/573379d0d210b8ea38fc1a0d/1599113321169-K81VHYN75L5JDCYOF3WN/IMG_5488.jpg]
[images.squarespace-cdn.com/content/v1/573379d0d210b8ea38fc1a0d/1599113325399-WSJSO68JL86WP9PB9ER1/IMG_5489.jpg]
[images.squarespace-cdn.com/content/v1/573379d0d210b8ea38fc1a0d/1599113325561-BAFK13UO1EC8CVWK0MSD/IMG_5490.jpg]
[images.squarespace-cdn.com/content/v1/573379d0d210b8ea38fc1a0d/1599113327255-P4897CDAHZ8FXS9DKAFL/IMG_5491.jpg]
[spabelles.com/covid19.html]
[images.squarespace-cdn.com/content/v1/573379d0d210b8ea38fc1a0d/1465507495204-RZ39OX5BU8UY65JTNNMG/image-asset.jpg]
[images.squarespace-cdn.com/content/v1/573379d0d210b8ea38fc1a0d/1465509390105-W00G1SZPZDLDER9E6LJT/image-asset.jpg]
[spabelles.com/about-us.html]
[spabelles.com/your-events.html]
[spabelles.com/inquiry-form.html]
[spabelles.com/10th-street.html]
[images.squarespace-cdn.com/content/v1/573379d0d210b8ea38fc1a0d/1465503104952-PD0OJB8YD3UCRZ9CKOJ2/image-asset.jpg]
[spabelles.com/13th-street.html]
[images.squarespace-cdn.com/content/v1/573379d0d210b8ea38fc1a0d/1465503071240-843V3BE05TONWL4ZHC6P/image-asset.jpg]
[spabelles.com/20th-street-1.html]
[images.squarespace-cdn.com/content/v1/573379d0d210b8ea38fc1a0d/1465503045569-TDTWS8GZ24T8O8BQAYOD/image-asset.jpg]
[spabelles.com/locations.html]
[spabelles.com/spa-packages.html]
[images.squarespace-cdn.com/content/v1/573379d0d210b8ea38fc1a0d/1475719436091-M6QO1I6TWNHEVOLL007G/image-asset.jpg]
[spabelles.com/nail-art.html]
[spabelles.com/nail-care.html]
[spabelles.com/facial-1.html]
[spabelles.com/waxing.html]
[assets.squarespace.com/universal/scripts-compressed/extract-css-runtime-cb0110c369c7c21da560e-min.en-US.js]
[assets.squarespace.com/universal/scripts-compressed/extract-css-runtime-f691ea379f9606d5f67dd-min.en-US.js]
[spabelles.com/body-massage.html]
[spabelles.com/body-treatments.html]
[spabelles.com/microdermabrasion.html]
[assets.squarespace.com/universal/scripts-compressed/extract-css-runtime-b0e402906be83981e0264-min.en-US.js]
[assets.squarespace.com/universal/scripts-compressed/commerce-9d130d4be082f2d5352b9-min.en-US.js]
[spabelles.com/eyelash.html]
[spabelles.com/photofacial-treatment.html]
[spabelles.com/ear-candling.html]
[spabelles.com/contact.html]
[spabelles.com/shipping-returns.html]
[assets.squarespace.com/universal/scripts-compressed/extract-css-runtime-2ec9d1c742774c75f5544-min.en-US.js]
[assets.squarespace.com/universal/scripts-compressed/commerce-a26f52c15018f4babd466-min.en-US.js]
[spabelles.com/privacy-policy.html]
[assets.squarespace.com/universal/scripts-compressed/common-bfb74e4dc4349567dfe19-min.en-US.js]
[spabelles.com/return-exchange.html]
[spabelles.com/contactus.88.delayed]
[spabelles.com/terms-of-service.html]
[spabelles.com/inquiry-form.html]
[assets.squarespace.com/universal/scripts-compressed/common-7d2274e9405484b5bb8c6-min.en-US.js]
[images.squarespace-cdn.com/content/v1/573379d0d210b8ea38fc1a0d/1465503568657-Z7DBQEGUCOW5PFU2JUF3/DSC_1509.jpg]
[images.squarespace-cdn.com/content/v1/573379d0d210b8ea38fc1a0d/1465503579655-VTE5YTWFO01UUG8OFORD/DSC_1583.jpg]
[images.squarespace-cdn.com/content/v1/573379d0d210b8ea38fc1a0d/1465503570675-FG80JSVILNZHFCC3KNOE/DSC_1524.jpg]
[assets.squarespace.com/universal/scripts-compressed/common-ac2e8e478ebd51d3c4c4b-min.en-US.js]
[images.squarespace-cdn.com/content/v1/573379d0d210b8ea38fc1a0d/1465503586303-YHQ4ZALFY4ITUL09NDB7/DSC_1738.jpg]
[images.squarespace-cdn.com/content/v1/573379d0d210b8ea38fc1a0d/1465503575762-MPI5UX4GOMOLQP6YKIAB/DSC_1567.jpg]
[images.squarespace-cdn.com/content/v1/573379d0d210b8ea38fc1a0d/1465503568923-KA79KDRLNLJ4PHOOMAX8/DSC_1517.jpg]
[images.squarespace-cdn.com/content/v1/573379d0d210b8ea38fc1a0d/1465503571160-E3NJC63NIVVJRUMML5CH/DSC_1534.jpg]
[images.squarespace-cdn.com/content/v1/573379d0d210b8ea38fc1a0d/1465503566579-KZUT0XAKPMUHNMDL181M/DSC_1762.jpg]
[images.squarespace-cdn.com/content/v1/573379d0d210b8ea38fc1a0d/1465503582198-BF9ZSMNHKAOUMRRBCE47/DSC_1599.jpg]
[images.squarespace-cdn.com/content/v1/573379d0d210b8ea38fc1a0d/1465503585711-YVPXMF7VNPD6QZQGVTCL/DSC_1629.jpg]
[images.squarespace-cdn.com/content/v1/573379d0d210b8ea38fc1a0d/1465503572848-AK0IPFPNFDN1VA9J0GJT/DSC_1545.jpg]
[images.squarespace-cdn.com/content/v1/573379d0d210b8ea38fc1a0d/1465503566352-8CVWIZ24RRHN2W7DQE56/DSC_1798.jpg]
[images.squarespace-cdn.com/content/v1/573379d0d210b8ea38fc1a0d/1465503573806-KBI5FFDSUOU1S5ZVDSM2/DSC_1555.jpg]
[images.squarespace-cdn.com/content/v1/573379d0d210b8ea38fc1a0d/1465503583518-P0M986T7LKFG58PV27KF/DSC_1615.jpg]
[images.squarespace-cdn.com/content/v1/573379d0d210b8ea38fc1a0d/1465503575732-G71R781DCN1KVI8OWI8F/DSC_1558.jpg]
[images.squarespace-cdn.com/content/v1/573379d0d210b8ea38fc1a0d/1465503578324-LP3MEMZX279A8CAQB8MX/DSC_1569.jpg]
[images.squarespace-cdn.com/content/v1/573379d0d210b8ea38fc1a0d/1465503587425-MLFLA0CUDNLOBJZCI8FZ/DSC_1743.jpg]
[images.squarespace-cdn.com/content/v1/573379d0d210b8ea38fc1a0d/1465503581252-WYJM0TDQ0STQ3CPNH6Y9/DSC_1590.jpg]
[images.squarespace-cdn.com/content/v1/573379d0d210b8ea38fc1a0d/1465503584160-BFS1NZDXX6D43OLS26JB/DSC_1626.jpg]
[images.squarespace-cdn.com/content/v1/573379d0d210b8ea38fc1a0d/1465503585085-4A41P589QFREP1ZPR9P3/DSC_1736.jpg]
[spabelles.com/10th-street.html]
[images.squarespace-cdn.com/content/v1/573379d0d210b8ea38fc1a0d/1465503446918-UDF4LHC3A2DIOROTKM4O/DSC_1185.jpg]
[images.squarespace-cdn.com/content/v1/573379d0d210b8ea38fc1a0d/1465503451753-OSWKSXGAU6ATAV1MF0LN/DSC_1272.jpg]
[images.squarespace-cdn.com/content/v1/573379d0d210b8ea38fc1a0d/1465503444423-YBFFEFKKPY7JIF5VPJ75/DSC_1835.jpg]
[images.squarespace-cdn.com/content/v1/573379d0d210b8ea38fc1a0d/1465503449322-UAOW9SQ40MI7L2NBJ3NP/DSC_1260.jpg]
[images.squarespace-cdn.com/content/v1/573379d0d210b8ea38fc1a0d/1465503455167-YZC1JYW7D810OCXVLGV4/DSC_1305.jpg]
[images.squarespace-cdn.com/content/v1/573379d0d210b8ea38fc1a0d/1465503461586-3BOQ4KWL0MDE0ZL05V42/DSC_1416.jpg]
[images.squarespace-cdn.com/content/v1/573379d0d210b8ea38fc1a0d/1465503461866-KBW9ZLQXTBIWVDN8DBHF/DSC_1831.jpg]
[images.squarespace-cdn.com/content/v1/573379d0d210b8ea38fc1a0d/1465503444990-RRNAZREWYVQHRGMIEHLL/DSC_1871.jpg]
[images.squarespace-cdn.com/content/v1/573379d0d210b8ea38fc1a0d/1465503446969-QLFUNXQO2M1L8ZHR1OYX/DSC_1220.jpg]
[images.squarespace-cdn.com/content/v1/573379d0d210b8ea38fc1a0d/1465503449446-7IOABIK0UULN343XBOH4/DSC_1230.jpg]
[images.squarespace-cdn.com/content/v1/573379d0d210b8ea38fc1a0d/1465503443258-GYK29S75IDJZQ8VX4KGO/DSC_1855.jpg]
[images.squarespace-cdn.com/content/v1/573379d0d210b8ea38fc1a0d/1465503459154-AXVDH8C9ER4R0EWM4CNK/DSC_1401.jpg]
[images.squarespace-cdn.com/content/v1/573379d0d210b8ea38fc1a0d/1465503452336-0S36XDOFUTI657XMXZ67/DSC_1292.jpg]
[images.squarespace-cdn.com/content/v1/573379d0d210b8ea38fc1a0d/1465503457392-TSKU25E8ZKYVU4O0NBYD/DSC_1348.jpg]
[images.squarespace-cdn.com/content/v1/573379d0d210b8ea38fc1a0d/1465503457622-KXCJACF8PQ6NEOBMIBTT/DSC_1297.jpg]
[images.squarespace-cdn.com/content/v1/573379d0d210b8ea38fc1a0d/1465503460194-NB71KKIWVFU5FK7ZOLB7/DSC_1814.jpg]
[spabelles.com/13th-street.html]
[images.squarespace-cdn.com/content/v1/573379d0d210b8ea38fc1a0d/1465503300854-C7W79UI9VQHXNYM6I4CL/DSC_1085.jpg]
[images.squarespace-cdn.com/content/v1/573379d0d210b8ea38fc1a0d/1465503305445-S6KB91V0O3QNSVNNL238/DSC_1135.jpg]
[images.squarespace-cdn.com/content/v1/573379d0d210b8ea38fc1a0d/1465503305149-82VY8M7ZZH4F4A30GVT2/DSC_1109.jpg]
[images.squarespace-cdn.com/content/v1/573379d0d210b8ea38fc1a0d/1465503300862-ILGAP46YLVHZ1JOCFLWQ/DSC_1087.jpg]
[images.squarespace-cdn.com/content/v1/573379d0d210b8ea38fc1a0d/1465503312106-7SYYZQPOL6VGBS9UF2NU/DSC_1176.jpg]
[images.squarespace-cdn.com/content/v1/573379d0d210b8ea38fc1a0d/1465503314380-YPVNDAIU3RTRTXITH37L/DSC_1885.jpg]
[images.squarespace-cdn.com/content/v1/573379d0d210b8ea38fc1a0d/1465503307403-VQHUDDNA8LFPK87TSN1Q/DSC_1137.jpg]
[images.squarespace-cdn.com/content/v1/573379d0d210b8ea38fc1a0d/1465503303057-HNRL5CQLAS4PV1KB5RQZ/DSC_1106.jpg]
[images.squarespace-cdn.com/content/v1/573379d0d210b8ea38fc1a0d/1465503319206-IY1910K8VQI4U8H2VQPZ/DSC_1918.jpg]
[images.squarespace-cdn.com/content/v1/573379d0d210b8ea38fc1a0d/1465503307563-DRY4564NLURLBY914P95/DSC_1139.jpg]
[images.squarespace-cdn.com/content/v1/573379d0d210b8ea38fc1a0d/1465503303557-FSQW5XSSAPB53J57SNW6/DSC_1102.jpg]
[images.squarespace-cdn.com/content/v1/573379d0d210b8ea38fc1a0d/1465503310596-ESH7MWO74C2S7XHKBHNA/DSC_1175.jpg]
[images.squarespace-cdn.com/content/v1/573379d0d210b8ea38fc1a0d/1465503310300-YBX63EHG2CM10XVKNIW4/DSC_1143.jpg]
[images.squarespace-cdn.com/content/v1/573379d0d210b8ea38fc1a0d/1465503313086-L8H55CQOKZJ2P7LOVNPW/DSC_1183.jpg]
[images.squarespace-cdn.com/content/v1/573379d0d210b8ea38fc1a0d/1465503317210-54Q1M69LLK4MDCHNSS4Q/DSC_1902.jpg]
[images.squarespace-cdn.com/content/v1/573379d0d210b8ea38fc1a0d/1465503320760-YKRY0IUPGIDO774BUS1C/DSC_1059.jpg]
[spabelles.com/20th-street-1.html]
[spabelles.com/contactus.html]
